Microchip Technology Inc, v3.21 (B)

Tool Name:
  c:\program files\microchip\xc-dsc\v3.21\bin\bin\..\bin/elf-ld.exe

Command:
  -p33AK128MC106 \
  --mdfp=C:/Users/m91110/.mchp_packs/Microchip/dsPIC33AK-MC_DFP/1.2.125/xc16 \
  -o \
  dist/Simulink/production/pmsm_smo.X.production.elf \
  -Lc:/program files/microchip/xc-dsc/v3.21/bin/bin/.. \
  -LC:/Users/m91110/.mchp_packs/Microchip/dsPIC33AK-MC_DFP/1.2.125/xc16/bin/../support/dsPIC33A/gld \
  -Lc:/program files/microchip/xc-dsc/v3.21/bin/bin/../../lib \
  -Lc:/program files/microchip/xc-dsc/v3.21/bin/bin/../../support/dsPIC30F/gld \
  -Lc:/program files/microchip/xc-dsc/v3.21/bin/bin/../../support/dsPIC33C/gld \
  -Lc:/program files/microchip/xc-dsc/v3.21/bin/bin/../../support/dsPIC33E/gld \
  -Lc:/program files/microchip/xc-dsc/v3.21/bin/bin/../../support/dsPIC33A/gld \
  -Lc:/program files/microchip/xc-dsc/v3.21/bin/bin/../../support/dsPIC33F/gld \
  build/Simulink/production/MCHP_UART1_Rx_Interrupt.o \
  build/Simulink/production/MCHP_UART1_Tx_Interrupt.o \
  build/Simulink/production/MCHP_UART2_Rx_Interrupt.o \
  build/Simulink/production/MCHP_UART2_Tx_Interrupt.o \
  build/Simulink/production/pmsm_smo.o \
  build/Simulink/production/pmsm_smo_data.o \
  build/Simulink/production/pmsm_smo_main.o \
  build/Simulink/production/rtGetInf.o \
  build/Simulink/production/rtGetNaN.o \
  build/Simulink/production/rt_nonfinite.o \
  build/Simulink/production/rt_r32zcfcn.o \
  --defsym=__MPLAB_BUILD=1 \
  -Tp33AK128MC106.gld.00 \
  --heap=1024 \
  --stack=16 \
  --check-sections \
  --data-init \
  --pack-data \
  --handles \
  --isr \
  --no-gc-sections \
  --stackguard=16 \
  --library-path=C:/_GIT/matlab-mclv48v300w-33ak128mc106-pmsm-foc-smo/project \
  --library-path=C:/_GIT/matlab-mclv48v300w-33ak128mc106-pmsm-foc-smo/project/pmsm_smo.X \
  --library-path=C:/Program Files/MATLAB/R2024b/rtw/c/src \
  --library-path=C:/Program Files/MATLAB/R2024b/simulink/src \
  --library-path=C:/Program Files/MATLAB/R2024b/toolbox/simulink/blocks/src \
  --library-path=C:/Program Files/MATLAB/R2024b/extern/include \
  --library-path=C:/Program Files/MATLAB/R2024b/simulink/include \
  --library-path=C:/Program Files/MATLAB/R2024b/rtw/c/src/ext_mode/common \
  --library-path=C:/Program Files/MATLAB/R2024b/rtw/c/ert \
  --no-force-link \
  --smart-io \
  -Map=dist/Simulink/production/pmsm_smo.X.production.map \
  --report-mem \
  --memorysummary \
  dist/Simulink/production/memoryfile.xml \
  --report-mem \
  -Map=pmsm_smo.map \
  -cref \
  --library=q-dsp \
  --memorysummary \
  memoryfile.xml \
  -start-group \
  --library=c99-pic30-elf \
  --library=m-elf \
  --library=c99-elf \
  -end-group \


Optional library libp33AK128MC106.a not found
Archive member included to satisfy reference by file (symbol)

c:/program files/microchip/xc-dsc/v3.21/bin/bin/../../lib\libc99-pic30-elf.a(crt_start_mode_normal.AAMeo)
                              (__crt_start_mode_normal)
c:/program files/microchip/xc-dsc/v3.21/bin/bin/../../lib\libc99-pic30-elf.a(crt0_extendedaa.o)
                              (__resetPRI)
c:/program files/microchip/xc-dsc/v3.21/bin/bin/../../lib\libc99-pic30-elf.a(data_init_extendedaa.o)
                              c:/program files/microchip/xc-dsc/v3.21/bin/bin/../../lib\libc99-pic30-elf.a(crt0_extendedaa.o) (__data_init_extended)
c:/program files/microchip/xc-dsc/v3.21/bin/bin/../../lib\libm-elf.a(ceilf.AA_o)
                              build/Simulink/production/pmsm_smo.o (_ceilf)
c:/program files/microchip/xc-dsc/v3.21/bin/bin/../../lib\libm-elf.a(floorf.AA_o)
                              build/Simulink/production/pmsm_smo.o (_floorf)
c:/program files/microchip/xc-dsc/v3.21/bin/bin/../../lib\libm-elf.a(fmodf.AA_o)
                              build/Simulink/production/pmsm_smo.o (_fmodf)
c:/program files/microchip/xc-dsc/v3.21/bin/bin/../../lib\libm-elf.a(sqrtf.AA_o)
                              build/Simulink/production/pmsm_smo.o (_sqrtf)
c:/program files/microchip/xc-dsc/v3.21/bin/bin/../../lib\libc99-elf.a(__errno_location.AA_o)
                              c:/program files/microchip/xc-dsc/v3.21/bin/bin/../../lib\libm-elf.a(sqrtf.AA_o) (___errno_val)


xc-dsc-ld 3.21 (B)

Default Code Model: Small
Default Data Model: Small
Default Scalar Model: Small

"program" Memory  [Origin = 0x800004, Length = 0x1fffc]

section                    address   length (PC units)   length (bytes) (dec)
-------                    -------   -----------------   --------------------
__ivt_0                   0x800004               0x47c           0x47c  (1148)
.text                     0x800480               0xb30           0xb30  (2864)
.text                     0x800fb0              0x46fc          0x46fc  (18172)
C:\Users\m91110\AppData\Local\Temp\cce2HV8H.s.scn1  0x8056ac               0xfa8           0xfa8  (4008)
.text                     0x806654               0x650           0x650  (1616)
[...]
Memory Configuration

Name             Origin             Length             Attributes
data             0x004000           0x004000           a !xr
FCP              0x7f3000           0x000002  
FICD             0x7f3010           0x000002  
FDEVOPT          0x7f3020           0x000002  
FWDT             0x7f3030           0x000002  
FPR0CTRL         0x7f4000           0x000002  
FPR0ST           0x7f4004           0x000002  
FPR0END          0x7f4008           0x000002  
FPR1CTRL         0x7f4010           0x000002  
FPR1ST           0x7f4014           0x000002  
FPR1END          0x7f4018           0x000002  
FPR2CTRL         0x7f4020           0x000002  
FPR2ST           0x7f4024           0x000002  
FPR2END          0x7f4028           0x000002  
FPR3CTRL         0x7f4030           0x000002  
FPR3ST           0x7f4034           0x000002  
FPR3END          0x7f4038           0x000002  
FPR4CTRL         0x7f4040           0x000002  
FPR4ST           0x7f4044           0x000002  
FPR4END          0x7f4048           0x000002  
FPR5CTRL         0x7f4050           0x000002  
FPR5ST           0x7f4054           0x000002  
FPR5END          0x7f4058           0x000002  
FPR6CTRL         0x7f4060           0x000002  
FPR6ST           0x7f4064           0x000002  
FPR6END          0x7f4068           0x000002  
FPR7CTRL         0x7f4070           0x000002  
FPR7ST           0x7f4074           0x000002  
FPR7END          0x7f4078           0x000002  
FIRT             0x7f4080           0x000002  
FSECDBG          0x7f4090           0x000002  
FPED             0x7f40a0           0x000002  
FEPUCB           0x7f40b0           0x000002  
FWPUCB           0x7f40c0           0x000002  
reset            0x800000           0x000004  
program          0x800004           0x01fffc           xr
*default*        0x000000           0xffffffff  

Linker script and memory map

LOAD build/Simulink/production/MCHP_UART1_Rx_Interrupt.o
LOAD build/Simulink/production/MCHP_UART1_Tx_Interrupt.o
LOAD build/Simulink/production/MCHP_UART2_Rx_Interrupt.o
LOAD build/Simulink/production/MCHP_UART2_Tx_Interrupt.o
LOAD build/Simulink/production/pmsm_smo.o
LOAD build/Simulink/production/pmsm_smo_data.o
LOAD build/Simulink/production/pmsm_smo_main.o
LOAD build/Simulink/production/rtGetInf.o
LOAD build/Simulink/production/rtGetNaN.o
LOAD build/Simulink/production/rt_nonfinite.o
LOAD build/Simulink/production/rt_r32zcfcn.o
                    0x0001                  __MPLAB_BUILD = 0x1
LOAD p33AK128MC106
LOAD c:/program files/microchip/xc-dsc/v3.21/bin/bin/../../lib\libfx-elf.a
                    0x7f3000                  __FCP = 0x7f3000
                    0x7f3010                  __FICD = 0x7f3010
                    0x7f3020                  __FDEVOPT = 0x7f3020
                    0x7f3030                  __FWDT = 0x7f3030
                    0x7f4000                  __FPR0CTRL = 0x7f4000
                    0x7f4004                  __FPR0ST = 0x7f4004
                    0x7f4008                  __FPR0END = 0x7f4008
                    0x7f4010                  __FPR1CTRL = 0x7f4010
                    0x7f4014                  __FPR1ST = 0x7f4014
                    0x7f4018                  __FPR1END = 0x7f4018
                    0x7f4020                  __FPR2CTRL = 0x7f4020
                    0x7f4024                  __FPR2ST = 0x7f4024
                    0x7f4028                  __FPR2END = 0x7f4028
                    0x7f4030                  __FPR3CTRL = 0x7f4030
                    0x7f4034                  __FPR3ST = 0x7f4034
                    0x7f4038                  __FPR3END = 0x7f4038
                    0x7f4040                  __FPR4CTRL = 0x7f4040
                    0x7f4044                  __FPR4ST = 0x7f4044
                    0x7f4048                  __FPR4END = 0x7f4048
                    0x7f4050                  __FPR5CTRL = 0x7f4050
                    0x7f4054                  __FPR5ST = 0x7f4054
                    0x7f4058                  __FPR5END = 0x7f4058
                    0x7f4060                  __FPR6CTRL = 0x7f4060
                    0x7f4064                  __FPR6ST = 0x7f4064
                    0x7f4068                  __FPR6END = 0x7f4068
                    0x7f4070                  __FPR7CTRL = 0x7f4070
                    0x7f4074                  __FPR7ST = 0x7f4074
                    0x7f4078                  __FPR7END = 0x7f4078
                    0x7f4080                  __FIRT = 0x7f4080
                    0x7f4090                  __FSECDBG = 0x7f4090
                    0x7f40a0                  __FPED = 0x7f40a0
                    0x7f40b0                  __FEPUCB = 0x7f40b0
                    0x7f40c0                  __FWPUCB = 0x7f40c0
                    0x801000                  __CODE_BASE = 0x801000
                    0x1f000                  __CODE_LENGTH = 0x1f000
                    0x4000                  __DATA_BASE = 0x4000
                    0x4000                  __DATA_LENGTH = 0x4000
                    0x6000                  __YDATA_BASE = 0x6000
                    0x8000                  __YDATA_END = 0x8000

.reset            0x800000          0x4
                  0x800000          0x4 LONG 0x800480 ABSOLUTE (__reset)

.text             0x800480        0xb30
 *(.init)
 .init            0x800480         0xac c:/program files/microchip/xc-dsc/v3.21/bin/bin/../../lib\libc99-pic30-elf.a(crt0_extendedaa.o)
                  0x800480                  __resetPRI
                  0x800480                  __reset
 .init            0x80052c         0x60 c:/program files/microchip/xc-dsc/v3.21/bin/bin/../../lib\libc99-pic30-elf.a(data_init_extendedaa.o)
                  0x80052c                  __data_init
                  0x80052c                  __data_init_extended
 *(.user_init)
 *(.handle)
 *(.isr*)
 .isr.isr.text    0x80058c         0xc8 build/Simulink/production/MCHP_UART1_Rx_Interrupt.o
                  0x80058c                  __U1RXInterrupt
 .isr.isr.text    0x800654         0x90 build/Simulink/production/MCHP_UART1_Tx_Interrupt.o
                  0x800654                  __U1TXInterrupt
 .isr.isr.text    0x8006e4         0xc8 build/Simulink/production/MCHP_UART2_Rx_Interrupt.o
                  0x8006e4                  __U2RXInterrupt
 .isr.isr.text    0x8007ac         0x90 build/Simulink/production/MCHP_UART2_Tx_Interrupt.o
                  0x8007ac                  __U2TXInterrupt
 .isr.isr.text    0x80083c        0x318 build/Simulink/production/pmsm_smo.o
                  0x80083c                  __AD2CH2Interrupt
 .isr             0x800b54          0x8 default_isr
                  0x800b54                  __DefaultInterrupt
 *(.libc)
 *(.libm)
 *(.libdsp)
 *(.lib*)
 .libpic30_crt_start_mode
                  0x800b5c          0x4 c:/program files/microchip/xc-dsc/v3.21/bin/bin/../../lib\libc99-pic30-elf.a(crt_start_mode_normal.AAMeo)
                  0x800b5c                  __crt_start_mode
                  0x800b5c                  __crt_start_mode_normal
 .libc.ceilf      0x800b60         0xc4 c:/program files/microchip/xc-dsc/v3.21/bin/bin/../../lib\libm-elf.a(ceilf.AA_o)
                  0x800b60                  _ceilf
 .libc.floorf     0x800c24         0xc0 c:/program files/microchip/xc-dsc/v3.21/bin/bin/../../lib\libm-elf.a(floorf.AA_o)
                  0x800c24                  _floorf
 .libc.fmodf      0x800ce4        0x18c c:/program files/microchip/xc-dsc/v3.21/bin/bin/../../lib\libm-elf.a(fmodf.AA_o)
                  0x800ce4                  _fmodf
 .libc.sqrtf      0x800e70        0x140 c:/program files/microchip/xc-dsc/v3.21/bin/bin/../../lib\libm-elf.a(sqrtf.AA_o)
                  0x800e70                  _sqrtf

usercode
 *(usercode)

__FCP
 *(__FCP.sec*)

__FICD
 *(__FICD.sec*)

__FDEVOPT
 *(__FDEVOPT.sec*)

__FWDT
 *(__FWDT.sec*)

__FPR0CTRL
 *(__FPR0CTRL.sec*)

__FPR0ST
 *(__FPR0ST.sec*)

__FPR0END
 *(__FPR0END.sec*)

__FPR1CTRL
 *(__FPR1CTRL.sec*)

__FPR1ST
 *(__FPR1ST.sec*)

__FPR1END
 *(__FPR1END.sec*)

__FPR2CTRL
 *(__FPR2CTRL.sec*)

__FPR2ST
 *(__FPR2ST.sec*)

__FPR2END
 *(__FPR2END.sec*)

__FPR3CTRL
 *(__FPR3CTRL.sec*)

__FPR3ST
 *(__FPR3ST.sec*)

__FPR3END
 *(__FPR3END.sec*)

__FPR4CTRL
 *(__FPR4CTRL.sec*)

__FPR4ST
 *(__FPR4ST.sec*)

__FPR4END
 *(__FPR4END.sec*)

__FPR5CTRL
 *(__FPR5CTRL.sec*)

__FPR5ST
 *(__FPR5ST.sec*)

__FPR5END
 *(__FPR5END.sec*)

__FPR6CTRL
 *(__FPR6CTRL.sec*)

__FPR6ST
 *(__FPR6ST.sec*)

__FPR6END
 *(__FPR6END.sec*)

__FPR7CTRL
 *(__FPR7CTRL.sec*)

__FPR7ST
 *(__FPR7ST.sec*)

__FPR7END
 *(__FPR7END.sec*)

__FIRT
 *(__FIRT.sec*)

__FSECDBG
 *(__FSECDBG.sec*)

__FPED
 *(__FPED.sec*)

__FEPUCB
 *(__FEPUCB.sec*)

__FWPUCB
 *(__FWPUCB.sec*)

.comment            0x0000        0x580
 *(.comment)
 .comment           0x0000         0x58 build/Simulink/production/MCHP_UART1_Rx_Interrupt.o
 .comment           0x0058         0x58 build/Simulink/production/MCHP_UART1_Tx_Interrupt.o
 .comment           0x00b0         0x58 build/Simulink/production/MCHP_UART2_Rx_Interrupt.o
 .comment           0x0108         0x58 build/Simulink/production/MCHP_UART2_Tx_Interrupt.o
 .comment           0x0160         0x58 build/Simulink/production/pmsm_smo.o
 .comment           0x01b8         0x58 build/Simulink/production/pmsm_smo_data.o
 .comment           0x0210         0x58 build/Simulink/production/pmsm_smo_main.o
 .comment           0x0268         0x58 build/Simulink/production/rtGetInf.o
 .comment           0x02c0         0x58 build/Simulink/production/rtGetNaN.o
 .comment           0x0318         0x58 build/Simulink/production/rt_nonfinite.o
 .comment           0x0370         0x58 build/Simulink/production/rt_r32zcfcn.o
 .comment           0x03c8         0x58 c:/program files/microchip/xc-dsc/v3.21/bin/bin/../../lib\libm-elf.a(ceilf.AA_o)
 .comment           0x0420         0x58 c:/program files/microchip/xc-dsc/v3.21/bin/bin/../../lib\libm-elf.a(floorf.AA_o)
 .comment           0x0478         0x58 c:/program files/microchip/xc-dsc/v3.21/bin/bin/../../lib\libm-elf.a(fmodf.AA_o)
 .comment           0x04d0         0x58 c:/program files/microchip/xc-dsc/v3.21/bin/bin/../../lib\libm-elf.a(sqrtf.AA_o)
 .comment           0x0528         0x58 c:/program files/microchip/xc-dsc/v3.21/bin/bin/../../lib\libc99-elf.a(__errno_location.AA_o)

.debug_info         0x0000       0xccb6
 *(.debug_info)
 .debug_info        0x0000        0xa28 build/Simulink/production/MCHP_UART1_Rx_Interrupt.o
 .debug_info        0x0a28        0xa2f build/Simulink/production/MCHP_UART1_Tx_Interrupt.o
 .debug_info        0x1457        0xa28 build/Simulink/production/MCHP_UART2_Rx_Interrupt.o
 .debug_info        0x1e7f        0xa2f build/Simulink/production/MCHP_UART2_Tx_Interrupt.o
 .debug_info        0x28ae       0x7731 build/Simulink/production/pmsm_smo.o
 .debug_info        0x9fdf        0x280 build/Simulink/production/pmsm_smo_data.o
 .debug_info        0xa25f       0x1801 build/Simulink/production/pmsm_smo_main.o
 .debug_info        0xba60        0x469 build/Simulink/production/rtGetInf.o
 .debug_info        0xbec9        0x3a8 build/Simulink/production/rtGetNaN.o
 .debug_info        0xc271        0x5ea build/Simulink/production/rt_nonfinite.o
 .debug_info        0xc85b        0x45b build/Simulink/production/rt_r32zcfcn.o
 *(.gnu.linkonce.wi.*)

.debug_abbrev       0x0000        0xfd5
 *(.debug_abbrev)
 .debug_abbrev      0x0000        0x11c build/Simulink/production/MCHP_UART1_Rx_Interrupt.o
 .debug_abbrev      0x011c        0x11c build/Simulink/production/MCHP_UART1_Tx_Interrupt.o
 .debug_abbrev      0x0238        0x11c build/Simulink/production/MCHP_UART2_Rx_Interrupt.o
 .debug_abbrev      0x0354        0x11c build/Simulink/production/MCHP_UART2_Tx_Interrupt.o
 .debug_abbrev      0x0470        0x4bd build/Simulink/production/pmsm_smo.o
 .debug_abbrev      0x092d         0x90 build/Simulink/production/pmsm_smo_data.o
 .debug_abbrev      0x09bd        0x181 build/Simulink/production/pmsm_smo_main.o
 .debug_abbrev      0x0b3e        0x102 build/Simulink/production/rtGetInf.o
 .debug_abbrev      0x0c40         0xf0 build/Simulink/production/rtGetNaN.o
 .debug_abbrev      0x0d30        0x1b0 build/Simulink/production/rt_nonfinite.o
 .debug_abbrev      0x0ee0         0xf5 build/Simulink/production/rt_r32zcfcn.o

.debug_line         0x0000       0x4545
 *(.debug_line)
 .debug_line        0x0000        0x1cc build/Simulink/production/MCHP_UART1_Rx_Interrupt.o
 .debug_line        0x01cc        0x197 build/Simulink/production/MCHP_UART1_Tx_Interrupt.o
 .debug_line        0x0363        0x1cc build/Simulink/production/MCHP_UART2_Rx_Interrupt.o
 .debug_line        0x052f        0x197 build/Simulink/production/MCHP_UART2_Tx_Interrupt.o
 .debug_line        0x06c6       0x3589 build/Simulink/production/pmsm_smo.o
 .debug_line        0x3c4f         0x3e build/Simulink/production/pmsm_smo_data.o
 .debug_line        0x3c8d        0x40b build/Simulink/production/pmsm_smo_main.o
 .debug_line        0x4098         0xdc build/Simulink/production/rtGetInf.o
 .debug_line        0x4174         0xb9 build/Simulink/production/rtGetNaN.o
 .debug_line        0x422d        0x161 build/Simulink/production/rt_nonfinite.o
 .debug_line        0x438e        0x1b7 build/Simulink/production/rt_r32zcfcn.o

.debug_frame        0x0000        0x454
 *(.debug_frame)
 .debug_frame       0x0000         0x24 build/Simulink/production/MCHP_UART1_Rx_Interrupt.o
 .debug_frame       0x0024         0x24 build/Simulink/production/MCHP_UART1_Tx_Interrupt.o
 .debug_frame       0x0048         0x24 build/Simulink/production/MCHP_UART2_Rx_Interrupt.o
 .debug_frame       0x006c         0x24 build/Simulink/production/MCHP_UART2_Tx_Interrupt.o
 .debug_frame       0x0090        0x278 build/Simulink/production/pmsm_smo.o
 .debug_frame       0x0308         0x2c build/Simulink/production/pmsm_smo_main.o
 .debug_frame       0x0334         0x54 build/Simulink/production/rtGetInf.o
 .debug_frame       0x0388         0x34 build/Simulink/production/rtGetNaN.o
 .debug_frame       0x03bc         0x74 build/Simulink/production/rt_nonfinite.o
 .debug_frame       0x0430         0x24 build/Simulink/production/rt_r32zcfcn.o

.debug_str          0x0000        0x378
 *(.debug_str)
 .debug_str         0x0000         0x1e build/Simulink/production/MCHP_UART1_Rx_Interrupt.o
 .debug_str         0x001e         0x1e build/Simulink/production/MCHP_UART1_Tx_Interrupt.o
 .debug_str         0x003c         0x1e build/Simulink/production/MCHP_UART2_Rx_Interrupt.o
 .debug_str         0x005a         0x1e build/Simulink/production/MCHP_UART2_Tx_Interrupt.o
 .debug_str         0x0078        0x1e7 build/Simulink/production/pmsm_smo.o
 .debug_str         0x025f          0xd build/Simulink/production/pmsm_smo_data.o
 .debug_str         0x026c         0xaa build/Simulink/production/pmsm_smo_main.o
 .debug_str         0x0316          0xc build/Simulink/production/rtGetInf.o
 .debug_str         0x0322          0x0 build/Simulink/production/rtGetNaN.o
 .debug_str         0x0322         0x49 build/Simulink/production/rt_nonfinite.o
 .debug_str         0x036b          0xd build/Simulink/production/rt_r32zcfcn.o

.debug_loc          0x0000       0x439d
 *(.debug_loc)
 .debug_loc         0x0000         0x13 build/Simulink/production/MCHP_UART1_Rx_Interrupt.o
 .debug_loc         0x0013         0x29 build/Simulink/production/MCHP_UART1_Tx_Interrupt.o
 .debug_loc         0x003c         0x13 build/Simulink/production/MCHP_UART2_Rx_Interrupt.o
 .debug_loc         0x004f         0x29 build/Simulink/production/MCHP_UART2_Tx_Interrupt.o
 .debug_loc         0x0078       0x40c6 build/Simulink/production/pmsm_smo.o
 .debug_loc         0x413e         0x20 build/Simulink/production/pmsm_smo_main.o
 .debug_loc         0x415e         0x61 build/Simulink/production/rt_nonfinite.o
 .debug_loc         0x41bf        0x1de build/Simulink/production/rt_r32zcfcn.o

.debug_macinfo
 *(.debug_macinfo)

.debug_pubnames
 *(.debug_pubnames)

.debug_ranges       0x0000        0x3c8
 *(.debug_ranges)
 .debug_ranges      0x0000         0x10 build/Simulink/production/MCHP_UART1_Rx_Interrupt.o
 .debug_ranges      0x0010         0x10 build/Simulink/production/MCHP_UART1_Tx_Interrupt.o
 .debug_ranges      0x0020         0x10 build/Simulink/production/MCHP_UART2_Rx_Interrupt.o
 .debug_ranges      0x0030         0x10 build/Simulink/production/MCHP_UART2_Tx_Interrupt.o
 .debug_ranges      0x0040        0x2e0 build/Simulink/production/pmsm_smo.o
 .debug_ranges      0x0320         0x10 build/Simulink/production/pmsm_smo_main.o
 .debug_ranges      0x0330         0x28 build/Simulink/production/rtGetInf.o
 .debug_ranges      0x0358         0x18 build/Simulink/production/rtGetNaN.o
 .debug_ranges      0x0370         0x48 build/Simulink/production/rt_nonfinite.o
 .debug_ranges      0x03b8         0x10 build/Simulink/production/rt_r32zcfcn.o

.debug_aranges      0x0000        0x250
 *(.debug_aranges)
 .debug_aranges
                    0x0000         0x20 build/Simulink/production/MCHP_UART1_Rx_Interrupt.o
 .debug_aranges
                    0x0020         0x20 build/Simulink/production/MCHP_UART1_Tx_Interrupt.o
 .debug_aranges
                    0x0040         0x20 build/Simulink/production/MCHP_UART2_Rx_Interrupt.o
 .debug_aranges
                    0x0060         0x20 build/Simulink/production/MCHP_UART2_Tx_Interrupt.o
 .debug_aranges
                    0x0080         0xd8 build/Simulink/production/pmsm_smo.o
 .debug_aranges
                    0x0158         0x18 build/Simulink/production/pmsm_smo_data.o
 .debug_aranges
                    0x0170         0x20 build/Simulink/production/pmsm_smo_main.o
 .debug_aranges
                    0x0190         0x38 build/Simulink/production/rtGetInf.o
 .debug_aranges
                    0x01c8         0x28 build/Simulink/production/rtGetNaN.o
 .debug_aranges
                    0x01f0         0x40 build/Simulink/production/rt_nonfinite.o
 .debug_aranges
                    0x0230         0x20 build/Simulink/production/rt_r32zcfcn.o
                    0x0000                  PC = 0x0
                    0x0000                  _PC = 0x0
                    0x0000                  _PCbits = 0x0
                    0x0004                  SPLIM = 0x4
                    0x0004                  _SPLIM = 0x4
                    0x0004                  _SPLIMbits = 0x4
                    0x0008                  RCOUNT = 0x8
                    0x0008                  _RCOUNT = 0x8
                    0x000c                  DISIIPL = 0xc
                    0x000c                  _DISIIPL = 0xc
                    0x000c                  _DISIIPLbits = 0xc
                    0x0010                  CORCON = 0x10
                    0x0010                  _CORCON = 0x10
                    0x0010                  _CORCONbits = 0x10
                    0x0014                  MODCON = 0x14
                    0x0014                  _MODCON = 0x14
                    0x0014                  _MODCONbits = 0x14
                    0x0018                  XMODSRT = 0x18
                    0x0018                  _XMODSRT = 0x18
                    0x0018                  _XMODSRTbits = 0x18
                    0x001c                  XMODEND = 0x1c
                    0x001c                  _XMODEND = 0x1c
                    0x001c                  _XMODENDbits = 0x1c
                    0x0020                  YMODSRT = 0x20
                    0x0020                  _YMODSRT = 0x20
                    0x0020                  _YMODSRTbits = 0x20
                    0x0024                  YMODEND = 0x24
                    0x0024                  _YMODEND = 0x24
                    0x0024                  _YMODENDbits = 0x24
                    0x0028                  XBREV = 0x28
                    0x0028                  _XBREV = 0x28
                    0x0028                  _XBREVbits = 0x28
                    0x002c                  PCTRAP = 0x2c
                    0x002c                  _PCTRAP = 0x2c
                    0x002c                  _PCTRAPbits = 0x2c
                    0x0030                  FEX = 0x30
                    0x0030                  _FEX = 0x30
                    0x0034                  FEX2 = 0x34
                    0x0034                  _FEX2 = 0x34
                    0x0038                  PCHOLD = 0x38
                    0x0038                  _PCHOLD = 0x38
                    0x0038                  _PCHOLDbits = 0x38
                    0x003c                  VFA = 0x3c
                    0x003c                  _VFA = 0x3c
                    0x003c                  _VFAbits = 0x3c
                    0x0070                  INTCON1 = 0x70
                    0x0070                  _INTCON1 = 0x70
                    0x0070                  _INTCON1bits = 0x70
                    0x0074                  INTCON2 = 0x74
                    0x0074                  _INTCON2 = 0x74
                    0x0074                  _INTCON2bits = 0x74
                    0x0078                  INTCON3 = 0x78
                    0x0078                  _INTCON3 = 0x78
                    0x0078                  _INTCON3bits = 0x78
                    0x007c                  INTCON4 = 0x7c
                    0x007c                  _INTCON4 = 0x7c
                    0x007c                  _INTCON4bits = 0x7c
                    0x0080                  INTCON5 = 0x80
                    0x0080                  _INTCON5 = 0x80
                    0x0080                  _INTCON5bits = 0x80
                    0x0084                  INTTREG = 0x84
                    0x0084                  _INTTREG = 0x84
                    0x0084                  _INTTREGbits = 0x84
                    0x0088                  IVTBASE = 0x88
                    0x0088                  _IVTBASE = 0x88
                    0x008c                  IVTCREG = 0x8c
                    0x008c                  _IVTCREG = 0x8c
                    0x008c                  _IVTCREGbits = 0x8c
                    0x0090                  IFS0 = 0x90
                    0x0090                  _IFS0 = 0x90
                    0x0090                  _IFS0bits = 0x90
                    0x0094                  IFS1 = 0x94
                    0x0094                  _IFS1 = 0x94
                    0x0094                  _IFS1bits = 0x94
                    0x0098                  IFS2 = 0x98
                    0x0098                  _IFS2 = 0x98
                    0x0098                  _IFS2bits = 0x98
                    0x009c                  IFS3 = 0x9c
                    0x009c                  _IFS3 = 0x9c
                    0x009c                  _IFS3bits = 0x9c
                    0x00a0                  IFS4 = 0xa0
                    0x00a0                  _IFS4 = 0xa0
                    0x00a0                  _IFS4bits = 0xa0
                    0x00a4                  IFS5 = 0xa4
                    0x00a4                  _IFS5 = 0xa4
                    0x00a4                  _IFS5bits = 0xa4
                    0x00a8                  IFS6 = 0xa8
                    0x00a8                  _IFS6 = 0xa8
                    0x00a8                  _IFS6bits = 0xa8
                    0x00ac                  IFS7 = 0xac
                    0x00ac                  _IFS7 = 0xac
                    0x00ac                  _IFS7bits = 0xac
                    0x00b0                  IFS8 = 0xb0
                    0x00b0                  _IFS8 = 0xb0
                    0x00b0                  _IFS8bits = 0xb0
                    0x00b4                  IEC0 = 0xb4
                    0x00b4                  _IEC0 = 0xb4
                    0x00b4                  _IEC0bits = 0xb4
                    0x00b8                  IEC1 = 0xb8
                    0x00b8                  _IEC1 = 0xb8
                    0x00b8                  _IEC1bits = 0xb8
                    0x00bc                  IEC2 = 0xbc
                    0x00bc                  _IEC2 = 0xbc
                    0x00bc                  _IEC2bits = 0xbc
                    0x00c0                  IEC3 = 0xc0
                    0x00c0                  _IEC3 = 0xc0
                    0x00c0                  _IEC3bits = 0xc0
                    0x00c4                  IEC4 = 0xc4
                    0x00c4                  _IEC4 = 0xc4
                    0x00c4                  _IEC4bits = 0xc4
                    0x00c8                  IEC5 = 0xc8
                    0x00c8                  _IEC5 = 0xc8
                    0x00c8                  _IEC5bits = 0xc8
                    0x00cc                  IEC6 = 0xcc
                    0x00cc                  _IEC6 = 0xcc
                    0x00cc                  _IEC6bits = 0xcc
                    0x00d0                  IEC7 = 0xd0
                    0x00d0                  _IEC7 = 0xd0
                    0x00d0                  _IEC7bits = 0xd0
                    0x00d4                  IEC8 = 0xd4
                    0x00d4                  _IEC8 = 0xd4
                    0x00d4                  _IEC8bits = 0xd4
                    0x00d8                  IPC0 = 0xd8
                    0x00d8                  _IPC0 = 0xd8
                    0x00d8                  _IPC0bits = 0xd8
                    0x00dc                  IPC1 = 0xdc
                    0x00dc                  _IPC1 = 0xdc
                    0x00dc                  _IPC1bits = 0xdc
                    0x00e0                  IPC2 = 0xe0
                    0x00e0                  _IPC2 = 0xe0
                    0x00e0                  _IPC2bits = 0xe0
                    0x00e4                  IPC3 = 0xe4
                    0x00e4                  _IPC3 = 0xe4
                    0x00e4                  _IPC3bits = 0xe4
                    0x00e8                  IPC4 = 0xe8
                    0x00e8                  _IPC4 = 0xe8
                    0x00e8                  _IPC4bits = 0xe8
                    0x00ec                  IPC5 = 0xec
                    0x00ec                  _IPC5 = 0xec
                    0x00ec                  _IPC5bits = 0xec
                    0x00f0                  IPC6 = 0xf0
                    0x00f0                  _IPC6 = 0xf0
                    0x00f0                  _IPC6bits = 0xf0
                    0x00f4                  IPC7 = 0xf4
                    0x00f4                  _IPC7 = 0xf4
                    0x00f4                  _IPC7bits = 0xf4
                    0x00f8                  IPC8 = 0xf8
                    0x00f8                  _IPC8 = 0xf8
                    0x00f8                  _IPC8bits = 0xf8
                    0x00fc                  IPC9 = 0xfc
                    0x00fc                  _IPC9 = 0xfc
                    0x00fc                  _IPC9bits = 0xfc
                    0x0100                  IPC10 = 0x100
                    0x0100                  _IPC10 = 0x100
                    0x0100                  _IPC10bits = 0x100
                    0x0104                  IPC11 = 0x104
                    0x0104                  _IPC11 = 0x104
                    0x0104                  _IPC11bits = 0x104
                    0x0108                  IPC12 = 0x108
                    0x0108                  _IPC12 = 0x108
                    0x0108                  _IPC12bits = 0x108
                    0x010c                  IPC13 = 0x10c
                    0x010c                  _IPC13 = 0x10c
                    0x010c                  _IPC13bits = 0x10c
                    0x0110                  IPC14 = 0x110
                    0x0110                  _IPC14 = 0x110
                    0x0110                  _IPC14bits = 0x110
                    0x0114                  IPC15 = 0x114
                    0x0114                  _IPC15 = 0x114
                    0x0114                  _IPC15bits = 0x114
                    0x0118                  IPC16 = 0x118
                    0x0118                  _IPC16 = 0x118
                    0x0118                  _IPC16bits = 0x118
                    0x011c                  IPC17 = 0x11c
                    0x011c                  _IPC17 = 0x11c
                    0x011c                  _IPC17bits = 0x11c
                    0x0120                  IPC18 = 0x120
                    0x0120                  _IPC18 = 0x120
                    0x0120                  _IPC18bits = 0x120
                    0x0124                  IPC19 = 0x124
                    0x0124                  _IPC19 = 0x124
                    0x0124                  _IPC19bits = 0x124
                    0x0128                  IPC20 = 0x128
                    0x0128                  _IPC20 = 0x128
                    0x0128                  _IPC20bits = 0x128
                    0x012c                  IPC21 = 0x12c
                    0x012c                  _IPC21 = 0x12c
                    0x012c                  _IPC21bits = 0x12c
                    0x0130                  IPC22 = 0x130
                    0x0130                  _IPC22 = 0x130
                    0x0130                  _IPC22bits = 0x130
                    0x0134                  IPC23 = 0x134
                    0x0134                  _IPC23 = 0x134
                    0x0134                  _IPC23bits = 0x134
                    0x0138                  IPC24 = 0x138
                    0x0138                  _IPC24 = 0x138
                    0x0138                  _IPC24bits = 0x138
                    0x013c                  IPC25 = 0x13c
                    0x013c                  _IPC25 = 0x13c
                    0x013c                  _IPC25bits = 0x13c
                    0x0140                  IPC26 = 0x140
                    0x0140                  _IPC26 = 0x140
                    0x0140                  _IPC26bits = 0x140
                    0x0144                  IPC27 = 0x144
                    0x0144                  _IPC27 = 0x144
                    0x0144                  _IPC27bits = 0x144
                    0x0148                  IPC28 = 0x148
                    0x0148                  _IPC28 = 0x148
                    0x0148                  _IPC28bits = 0x148
                    0x014c                  IPC29 = 0x14c
                    0x014c                  _IPC29 = 0x14c
                    0x014c                  _IPC29bits = 0x14c
                    0x0160                  IPC35 = 0x160
                    0x0160                  _IPC35 = 0x160
                    0x0160                  _IPC35bits = 0x160
                    0x0200                  PORTA = 0x200
                    0x0200                  _PORTA = 0x200
                    0x0200                  _PORTAbits = 0x200
                    0x0204                  LATA = 0x204
                    0x0204                  _LATA = 0x204
                    0x0204                  _LATAbits = 0x204
                    0x0208                  TRISA = 0x208
                    0x0208                  _TRISA = 0x208
                    0x0208                  _TRISAbits = 0x208
                    0x020c                  CNSTATA = 0x20c
                    0x020c                  _CNSTATA = 0x20c
                    0x020c                  _CNSTATAbits = 0x20c
                    0x0210                  CNFA = 0x210
                    0x0210                  _CNFA = 0x210
                    0x0210                  _CNFAbits = 0x210
                    0x0214                  PORTB = 0x214
                    0x0214                  _PORTB = 0x214
                    0x0214                  _PORTBbits = 0x214
                    0x0218                  LATB = 0x218
                    0x0218                  _LATB = 0x218
                    0x0218                  _LATBbits = 0x218
                    0x021c                  TRISB = 0x21c
                    0x021c                  _TRISB = 0x21c
                    0x021c                  _TRISBbits = 0x21c
                    0x0220                  CNSTATB = 0x220
                    0x0220                  _CNSTATB = 0x220
                    0x0220                  _CNSTATBbits = 0x220
                    0x0224                  CNFB = 0x224
                    0x0224                  _CNFB = 0x224
                    0x0224                  _CNFBbits = 0x224
                    0x0228                  PORTC = 0x228
                    0x0228                  _PORTC = 0x228
                    0x0228                  _PORTCbits = 0x228
                    0x022c                  LATC = 0x22c
                    0x022c                  _LATC = 0x22c
                    0x022c                  _LATCbits = 0x22c
                    0x0230                  TRISC = 0x230
                    0x0230                  _TRISC = 0x230
                    0x0230                  _TRISCbits = 0x230
                    0x0234                  CNSTATC = 0x234
                    0x0234                  _CNSTATC = 0x234
                    0x0234                  _CNSTATCbits = 0x234
                    0x0238                  CNFC = 0x238
                    0x0238                  _CNFC = 0x238
                    0x0238                  _CNFCbits = 0x238
                    0x023c                  PORTD = 0x23c
                    0x023c                  _PORTD = 0x23c
                    0x023c                  _PORTDbits = 0x23c
                    0x0240                  LATD = 0x240
                    0x0240                  _LATD = 0x240
                    0x0240                  _LATDbits = 0x240
                    0x0244                  TRISD = 0x244
                    0x0244                  _TRISD = 0x244
                    0x0244                  _TRISDbits = 0x244
                    0x0248                  CNSTATD = 0x248
                    0x0248                  _CNSTATD = 0x248
                    0x0248                  _CNSTATDbits = 0x248
                    0x024c                  CNFD = 0x24c
                    0x024c                  _CNFD = 0x24c
                    0x024c                  _CNFDbits = 0x24c
                    0x02c8                  CRCCON = 0x2c8
                    0x02c8                  _CRCCON = 0x2c8
                    0x02c8                  _CRCCONbits = 0x2c8
                    0x02cc                  CRCXOR = 0x2cc
                    0x02cc                  _CRCXOR = 0x2cc
                    0x02cc                  _CRCXORbits = 0x2cc
                    0x02d0                  CRCDAT = 0x2d0
                    0x02d0                  _CRCDAT = 0x2d0
                    0x02d4                  CRCWDAT = 0x2d4
                    0x02d4                  _CRCWDAT = 0x2d4
                    0x02e0                  UCPROT = 0x2e0
                    0x02e0                  _UCPROT = 0x2e0
                    0x02e0                  _UCPROTbits = 0x2e0
                    0x02e4                  IRTCTRL = 0x2e4
                    0x02e4                  _IRTCTRL = 0x2e4
                    0x02e4                  _IRTCTRLbits = 0x2e4
                    0x02e8                  IRTSTAT = 0x2e8
                    0x02e8                  _IRTSTAT = 0x2e8
                    0x0300                  PR0CTRL = 0x300
                    0x0300                  _PR0CTRL = 0x300
                    0x0300                  _PR0CTRLbits = 0x300
                    0x0304                  PR0ST = 0x304
                    0x0304                  _PR0ST = 0x304
                    0x0304                  _PR0STbits = 0x304
                    0x0308                  PR0END = 0x308
                    0x0308                  _PR0END = 0x308
                    0x0308                  _PR0ENDbits = 0x308
                    0x030c                  PR0LOCK = 0x30c
                    0x030c                  _PR0LOCK = 0x30c
                    0x030c                  _PR0LOCKbits = 0x30c
                    0x0310                  PR1CTRL = 0x310
                    0x0310                  _PR1CTRL = 0x310
                    0x0310                  _PR1CTRLbits = 0x310
                    0x0314                  PR1ST = 0x314
                    0x0314                  _PR1ST = 0x314
                    0x0314                  _PR1STbits = 0x314
                    0x0318                  PR1END = 0x318
                    0x0318                  _PR1END = 0x318
                    0x0318                  _PR1ENDbits = 0x318
                    0x031c                  PR1LOCK = 0x31c
                    0x031c                  _PR1LOCK = 0x31c
                    0x031c                  _PR1LOCKbits = 0x31c
                    0x0320                  PR2CTRL = 0x320
                    0x0320                  _PR2CTRL = 0x320
                    0x0320                  _PR2CTRLbits = 0x320
                    0x0324                  PR2ST = 0x324
                    0x0324                  _PR2ST = 0x324
                    0x0324                  _PR2STbits = 0x324
                    0x0328                  PR2END = 0x328
                    0x0328                  _PR2END = 0x328
                    0x0328                  _PR2ENDbits = 0x328
                    0x032c                  PR2LOCK = 0x32c
                    0x032c                  _PR2LOCK = 0x32c
                    0x032c                  _PR2LOCKbits = 0x32c
                    0x0330                  PR3CTRL = 0x330
                    0x0330                  _PR3CTRL = 0x330
                    0x0330                  _PR3CTRLbits = 0x330
                    0x0334                  PR3ST = 0x334
                    0x0334                  _PR3ST = 0x334
                    0x0334                  _PR3STbits = 0x334
                    0x0338                  PR3END = 0x338
                    0x0338                  _PR3END = 0x338
                    0x0338                  _PR3ENDbits = 0x338
                    0x033c                  PR3LOCK = 0x33c
                    0x033c                  _PR3LOCK = 0x33c
                    0x033c                  _PR3LOCKbits = 0x33c
                    0x0340                  PR4CTRL = 0x340
                    0x0340                  _PR4CTRL = 0x340
                    0x0340                  _PR4CTRLbits = 0x340
                    0x0344                  PR4ST = 0x344
                    0x0344                  _PR4ST = 0x344
                    0x0344                  _PR4STbits = 0x344
                    0x0348                  PR4END = 0x348
                    0x0348                  _PR4END = 0x348
                    0x0348                  _PR4ENDbits = 0x348
                    0x034c                  PR4LOCK = 0x34c
                    0x034c                  _PR4LOCK = 0x34c
                    0x034c                  _PR4LOCKbits = 0x34c
                    0x0350                  PR5CTRL = 0x350
                    0x0350                  _PR5CTRL = 0x350
                    0x0350                  _PR5CTRLbits = 0x350
                    0x0354                  PR5ST = 0x354
                    0x0354                  _PR5ST = 0x354
                    0x0354                  _PR5STbits = 0x354
                    0x0358                  PR5END = 0x358
                    0x0358                  _PR5END = 0x358
                    0x0358                  _PR5ENDbits = 0x358
                    0x035c                  PR5LOCK = 0x35c
                    0x035c                  _PR5LOCK = 0x35c
                    0x035c                  _PR5LOCKbits = 0x35c
                    0x0360                  PR6CTRL = 0x360
                    0x0360                  _PR6CTRL = 0x360
                    0x0360                  _PR6CTRLbits = 0x360
                    0x0364                  PR6ST = 0x364
                    0x0364                  _PR6ST = 0x364
                    0x0364                  _PR6STbits = 0x364
                    0x0368                  PR6END = 0x368
                    0x0368                  _PR6END = 0x368
                    0x0368                  _PR6ENDbits = 0x368
                    0x036c                  PR6LOCK = 0x36c
                    0x036c                  _PR6LOCK = 0x36c
                    0x036c                  _PR6LOCKbits = 0x36c
                    0x0370                  PR7CTRL = 0x370
                    0x0370                  _PR7CTRL = 0x370
                    0x0370                  _PR7CTRLbits = 0x370
                    0x0374                  PR7ST = 0x374
                    0x0374                  _PR7ST = 0x374
                    0x0374                  _PR7STbits = 0x374
                    0x0378                  PR7END = 0x378
                    0x0378                  _PR7END = 0x378
                    0x0378                  _PR7ENDbits = 0x378
                    0x037c                  PR7LOCK = 0x37c
                    0x037c                  _PR7LOCK = 0x37c
                    0x037c                  _PR7LOCKbits = 0x37c
                    0x0770                  BMXINITPR = 0x770
                    0x0770                  _BMXINITPR = 0x770
                    0x0770                  _BMXINITPRbits = 0x770
                    0x0774                  BMXIRAML = 0x774
                    0x0774                  _BMXIRAML = 0x774
                    0x0778                  BMXIRAMH = 0x778
                    0x0778                  _BMXIRAMH = 0x778
                    0x077c                  BMXXDATERR = 0x77c
                    0x077c                  _BMXXDATERR = 0x77c
                    0x077c                  _BMXXDATERRbits = 0x77c
                    0x0780                  BMXYDATERR = 0x780
                    0x0780                  _BMXYDATERR = 0x780
                    0x0780                  _BMXYDATERRbits = 0x780
                    0x0784                  BMXDMAERR = 0x784
                    0x0784                  _BMXDMAERR = 0x784
                    0x0784                  _BMXDMAERRbits = 0x784
                    0x0788                  BMXNVMERR = 0x788
                    0x0788                  _BMXNVMERR = 0x788
                    0x0788                  _BMXNVMERRbits = 0x788
                    0x078c                  BMXICDERR = 0x78c
                    0x078c                  _BMXICDERR = 0x78c
                    0x078c                  _BMXICDERRbits = 0x78c
                    0x0800                  AD1CON = 0x800
                    0x0800                  _AD1CON = 0x800
                    0x0800                  _AD1CONbits = 0x800
                    0x0804                  AD1DATAOVR = 0x804
                    0x0804                  _AD1DATAOVR = 0x804
                    0x0808                  AD1STAT = 0x808
                    0x0808                  _AD1STAT = 0x808
                    0x0808                  _AD1STATbits = 0x808
                    0x080c                  AD1CMPSTAT = 0x80c
                    0x080c                  _AD1CMPSTAT = 0x80c
                    0x080c                  _AD1CMPSTATbits = 0x80c
                    0x0810                  AD1SWTRG = 0x810
                    0x0810                  _AD1SWTRG = 0x810
                    0x0810                  _AD1SWTRGbits = 0x810
                    0x0814                  AD1CH0CON = 0x814
                    0x0814                  _AD1CH0CON = 0x814
                    0x0814                  _AD1CH0CONbits = 0x814
                    0x0818                  AD1CH0DATA = 0x818
                    0x0818                  _AD1CH0DATA = 0x818
                    0x081c                  AD1CH0CNT = 0x81c
                    0x081c                  _AD1CH0CNT = 0x81c
                    0x081c                  _AD1CH0CNTbits = 0x81c
                    0x0820                  AD1CH0CMPLO = 0x820
                    0x0820                  _AD1CH0CMPLO = 0x820
                    0x0824                  AD1CH0CMPHI = 0x824
                    0x0824                  _AD1CH0CMPHI = 0x824
                    0x0828                  AD1CH0ACC = 0x828
                    0x0828                  _AD1CH0ACC = 0x828
                    0x082c                  AD1CH1CON = 0x82c
                    0x082c                  _AD1CH1CON = 0x82c
                    0x082c                  _AD1CH1CONbits = 0x82c
                    0x0830                  AD1CH1DATA = 0x830
                    0x0830                  _AD1CH1DATA = 0x830
                    0x0834                  AD1CH1CNT = 0x834
                    0x0834                  _AD1CH1CNT = 0x834
                    0x0834                  _AD1CH1CNTbits = 0x834
                    0x0838                  AD1CH1CMPLO = 0x838
                    0x0838                  _AD1CH1CMPLO = 0x838
                    0x083c                  AD1CH1CMPHI = 0x83c
                    0x083c                  _AD1CH1CMPHI = 0x83c
                    0x0840                  AD1CH1ACC = 0x840
                    0x0840                  _AD1CH1ACC = 0x840
                    0x0844                  AD1CH2CON = 0x844
                    0x0844                  _AD1CH2CON = 0x844
                    0x0844                  _AD1CH2CONbits = 0x844
                    0x0848                  AD1CH2DATA = 0x848
                    0x0848                  _AD1CH2DATA = 0x848
                    0x084c                  AD1CH2CNT = 0x84c
                    0x084c                  _AD1CH2CNT = 0x84c
                    0x084c                  _AD1CH2CNTbits = 0x84c
                    0x0850                  AD1CH2CMPLO = 0x850
                    0x0850                  _AD1CH2CMPLO = 0x850
                    0x0854                  AD1CH2CMPHI = 0x854
                    0x0854                  _AD1CH2CMPHI = 0x854
                    0x0858                  AD1CH2ACC = 0x858
                    0x0858                  _AD1CH2ACC = 0x858
                    0x085c                  AD1CH3CON = 0x85c
                    0x085c                  _AD1CH3CON = 0x85c
                    0x085c                  _AD1CH3CONbits = 0x85c
                    0x0860                  AD1CH3DATA = 0x860
                    0x0860                  _AD1CH3DATA = 0x860
                    0x0864                  AD1CH3CNT = 0x864
                    0x0864                  _AD1CH3CNT = 0x864
                    0x0864                  _AD1CH3CNTbits = 0x864
                    0x0868                  AD1CH3CMPLO = 0x868
                    0x0868                  _AD1CH3CMPLO = 0x868
                    0x086c                  AD1CH3CMPHI = 0x86c
                    0x086c                  _AD1CH3CMPHI = 0x86c
                    0x0870                  AD1CH3ACC = 0x870
                    0x0870                  _AD1CH3ACC = 0x870
                    0x0874                  AD1CH4CON = 0x874
                    0x0874                  _AD1CH4CON = 0x874
                    0x0874                  _AD1CH4CONbits = 0x874
                    0x0878                  AD1CH4DATA = 0x878
                    0x0878                  _AD1CH4DATA = 0x878
                    0x087c                  AD1CH4CNT = 0x87c
                    0x087c                  _AD1CH4CNT = 0x87c
                    0x087c                  _AD1CH4CNTbits = 0x87c
                    0x0880                  AD1CH4CMPLO = 0x880
                    0x0880                  _AD1CH4CMPLO = 0x880
                    0x0884                  AD1CH4CMPHI = 0x884
                    0x0884                  _AD1CH4CMPHI = 0x884
                    0x0888                  AD1CH4ACC = 0x888
                    0x0888                  _AD1CH4ACC = 0x888
                    0x088c                  AD1CH5CON = 0x88c
                    0x088c                  _AD1CH5CON = 0x88c
                    0x088c                  _AD1CH5CONbits = 0x88c
                    0x0890                  AD1CH5DATA = 0x890
                    0x0890                  _AD1CH5DATA = 0x890
                    0x0894                  AD1CH5CNT = 0x894
                    0x0894                  _AD1CH5CNT = 0x894
                    0x0894                  _AD1CH5CNTbits = 0x894
                    0x0898                  AD1CH5CMPLO = 0x898
                    0x0898                  _AD1CH5CMPLO = 0x898
                    0x089c                  AD1CH5CMPHI = 0x89c
                    0x089c                  _AD1CH5CMPHI = 0x89c
                    0x08a0                  AD1CH5ACC = 0x8a0
                    0x08a0                  _AD1CH5ACC = 0x8a0
                    0x08a4                  AD1CH6CON = 0x8a4
                    0x08a4                  _AD1CH6CON = 0x8a4
                    0x08a4                  _AD1CH6CONbits = 0x8a4
                    0x08a8                  AD1CH6DATA = 0x8a8
                    0x08a8                  _AD1CH6DATA = 0x8a8
                    0x08ac                  AD1CH6CNT = 0x8ac
                    0x08ac                  _AD1CH6CNT = 0x8ac
                    0x08ac                  _AD1CH6CNTbits = 0x8ac
                    0x08b0                  AD1CH6CMPLO = 0x8b0
                    0x08b0                  _AD1CH6CMPLO = 0x8b0
                    0x08b4                  AD1CH6CMPHI = 0x8b4
                    0x08b4                  _AD1CH6CMPHI = 0x8b4
                    0x08b8                  AD1CH6ACC = 0x8b8
                    0x08b8                  _AD1CH6ACC = 0x8b8
                    0x08bc                  AD1CH7CON = 0x8bc
                    0x08bc                  _AD1CH7CON = 0x8bc
                    0x08bc                  _AD1CH7CONbits = 0x8bc
                    0x08c0                  AD1CH7DATA = 0x8c0
                    0x08c0                  _AD1CH7DATA = 0x8c0
                    0x08c4                  AD1CH7CNT = 0x8c4
                    0x08c4                  _AD1CH7CNT = 0x8c4
                    0x08c4                  _AD1CH7CNTbits = 0x8c4
                    0x08c8                  AD1CH7CMPLO = 0x8c8
                    0x08c8                  _AD1CH7CMPLO = 0x8c8
                    0x08cc                  AD1CH7CMPHI = 0x8cc
                    0x08cc                  _AD1CH7CMPHI = 0x8cc
                    0x08d0                  AD1CH7ACC = 0x8d0
                    0x08d0                  _AD1CH7ACC = 0x8d0
                    0x08d4                  AD1CH8CON = 0x8d4
                    0x08d4                  _AD1CH8CON = 0x8d4
                    0x08d4                  _AD1CH8CONbits = 0x8d4
                    0x08d8                  AD1CH8DATA = 0x8d8
                    0x08d8                  _AD1CH8DATA = 0x8d8
                    0x08dc                  AD1CH8CNT = 0x8dc
                    0x08dc                  _AD1CH8CNT = 0x8dc
                    0x08dc                  _AD1CH8CNTbits = 0x8dc
                    0x08e0                  AD1CH8CMPLO = 0x8e0
                    0x08e0                  _AD1CH8CMPLO = 0x8e0
                    0x08e4                  AD1CH8CMPHI = 0x8e4
                    0x08e4                  _AD1CH8CMPHI = 0x8e4
                    0x08e8                  AD1CH8ACC = 0x8e8
                    0x08e8                  _AD1CH8ACC = 0x8e8
                    0x08ec                  AD1CH9CON = 0x8ec
                    0x08ec                  _AD1CH9CON = 0x8ec
                    0x08ec                  _AD1CH9CONbits = 0x8ec
                    0x08f0                  AD1CH9DATA = 0x8f0
                    0x08f0                  _AD1CH9DATA = 0x8f0
                    0x08f4                  AD1CH9CNT = 0x8f4
                    0x08f4                  _AD1CH9CNT = 0x8f4
                    0x08f4                  _AD1CH9CNTbits = 0x8f4
                    0x08f8                  AD1CH9CMPLO = 0x8f8
                    0x08f8                  _AD1CH9CMPLO = 0x8f8
                    0x08fc                  AD1CH9CMPHI = 0x8fc
                    0x08fc                  _AD1CH9CMPHI = 0x8fc
                    0x0900                  AD1CH9ACC = 0x900
                    0x0900                  _AD1CH9ACC = 0x900
                    0x0904                  AD1CH10CON = 0x904
                    0x0904                  _AD1CH10CON = 0x904
                    0x0904                  _AD1CH10CONbits = 0x904
                    0x0908                  AD1CH10DATA = 0x908
                    0x0908                  _AD1CH10DATA = 0x908
                    0x090c                  AD1CH10CNT = 0x90c
                    0x090c                  _AD1CH10CNT = 0x90c
                    0x090c                  _AD1CH10CNTbits = 0x90c
                    0x0910                  AD1CH10CMPLO = 0x910
                    0x0910                  _AD1CH10CMPLO = 0x910
                    0x0914                  AD1CH10CMPHI = 0x914
                    0x0914                  _AD1CH10CMPHI = 0x914
                    0x0918                  AD1CH10ACC = 0x918
                    0x0918                  _AD1CH10ACC = 0x918
                    0x091c                  AD1CH11CON = 0x91c
                    0x091c                  _AD1CH11CON = 0x91c
                    0x091c                  _AD1CH11CONbits = 0x91c
                    0x0920                  AD1CH11DATA = 0x920
                    0x0920                  _AD1CH11DATA = 0x920
                    0x0924                  AD1CH11CNT = 0x924
                    0x0924                  _AD1CH11CNT = 0x924
                    0x0924                  _AD1CH11CNTbits = 0x924
                    0x0928                  AD1CH11CMPLO = 0x928
                    0x0928                  _AD1CH11CMPLO = 0x928
                    0x092c                  AD1CH11CMPHI = 0x92c
                    0x092c                  _AD1CH11CMPHI = 0x92c
                    0x0930                  AD1CH11ACC = 0x930
                    0x0930                  _AD1CH11ACC = 0x930
                    0x0934                  AD1CH12CON = 0x934
                    0x0934                  _AD1CH12CON = 0x934
                    0x0934                  _AD1CH12CONbits = 0x934
                    0x0938                  AD1CH12DATA = 0x938
                    0x0938                  _AD1CH12DATA = 0x938
                    0x093c                  AD1CH12CNT = 0x93c
                    0x093c                  _AD1CH12CNT = 0x93c
                    0x093c                  _AD1CH12CNTbits = 0x93c
                    0x0940                  AD1CH12CMPLO = 0x940
                    0x0940                  _AD1CH12CMPLO = 0x940
                    0x0944                  AD1CH12CMPHI = 0x944
                    0x0944                  _AD1CH12CMPHI = 0x944
                    0x0948                  AD1CH12ACC = 0x948
                    0x0948                  _AD1CH12ACC = 0x948
                    0x094c                  AD1CH13CON = 0x94c
                    0x094c                  _AD1CH13CON = 0x94c
                    0x094c                  _AD1CH13CONbits = 0x94c
                    0x0950                  AD1CH13DATA = 0x950
                    0x0950                  _AD1CH13DATA = 0x950
                    0x0954                  AD1CH13CNT = 0x954
                    0x0954                  _AD1CH13CNT = 0x954
                    0x0954                  _AD1CH13CNTbits = 0x954
                    0x0958                  AD1CH13CMPLO = 0x958
                    0x0958                  _AD1CH13CMPLO = 0x958
                    0x095c                  AD1CH13CMPHI = 0x95c
                    0x095c                  _AD1CH13CMPHI = 0x95c
                    0x0960                  AD1CH13ACC = 0x960
                    0x0960                  _AD1CH13ACC = 0x960
                    0x0964                  AD1CH14CON = 0x964
                    0x0964                  _AD1CH14CON = 0x964
                    0x0964                  _AD1CH14CONbits = 0x964
                    0x0968                  AD1CH14DATA = 0x968
                    0x0968                  _AD1CH14DATA = 0x968
                    0x096c                  AD1CH14CNT = 0x96c
                    0x096c                  _AD1CH14CNT = 0x96c
                    0x096c                  _AD1CH14CNTbits = 0x96c
                    0x0970                  AD1CH14CMPLO = 0x970
                    0x0970                  _AD1CH14CMPLO = 0x970
                    0x0974                  AD1CH14CMPHI = 0x974
                    0x0974                  _AD1CH14CMPHI = 0x974
                    0x0978                  AD1CH14ACC = 0x978
                    0x0978                  _AD1CH14ACC = 0x978
                    0x097c                  AD1CH15CON = 0x97c
                    0x097c                  _AD1CH15CON = 0x97c
                    0x097c                  _AD1CH15CONbits = 0x97c
                    0x0980                  AD1CH15DATA = 0x980
                    0x0980                  _AD1CH15DATA = 0x980
                    0x0984                  AD1CH15CNT = 0x984
                    0x0984                  _AD1CH15CNT = 0x984
                    0x0984                  _AD1CH15CNTbits = 0x984
                    0x0988                  AD1CH15CMPLO = 0x988
                    0x0988                  _AD1CH15CMPLO = 0x988
                    0x098c                  AD1CH15CMPHI = 0x98c
                    0x098c                  _AD1CH15CMPHI = 0x98c
                    0x0990                  AD1CH15ACC = 0x990
                    0x0990                  _AD1CH15ACC = 0x990
                    0x0994                  AD1CH16CON = 0x994
                    0x0994                  _AD1CH16CON = 0x994
                    0x0994                  _AD1CH16CONbits = 0x994
                    0x0998                  AD1CH16DATA = 0x998
                    0x0998                  _AD1CH16DATA = 0x998
                    0x099c                  AD1CH16CNT = 0x99c
                    0x099c                  _AD1CH16CNT = 0x99c
                    0x099c                  _AD1CH16CNTbits = 0x99c
                    0x09a0                  AD1CH16CMPLO = 0x9a0
                    0x09a0                  _AD1CH16CMPLO = 0x9a0
                    0x09a4                  AD1CH16CMPHI = 0x9a4
                    0x09a4                  _AD1CH16CMPHI = 0x9a4
                    0x09a8                  AD1CH16ACC = 0x9a8
                    0x09a8                  _AD1CH16ACC = 0x9a8
                    0x09ac                  AD1CH17CON = 0x9ac
                    0x09ac                  _AD1CH17CON = 0x9ac
                    0x09ac                  _AD1CH17CONbits = 0x9ac
                    0x09b0                  AD1CH17DATA = 0x9b0
                    0x09b0                  _AD1CH17DATA = 0x9b0
                    0x09b4                  AD1CH17CNT = 0x9b4
                    0x09b4                  _AD1CH17CNT = 0x9b4
                    0x09b4                  _AD1CH17CNTbits = 0x9b4
                    0x09b8                  AD1CH17CMPLO = 0x9b8
                    0x09b8                  _AD1CH17CMPLO = 0x9b8
                    0x09bc                  AD1CH17CMPHI = 0x9bc
                    0x09bc                  _AD1CH17CMPHI = 0x9bc
                    0x09c0                  AD1CH17ACC = 0x9c0
                    0x09c0                  _AD1CH17ACC = 0x9c0
                    0x09c4                  AD1CH18CON = 0x9c4
                    0x09c4                  _AD1CH18CON = 0x9c4
                    0x09c4                  _AD1CH18CONbits = 0x9c4
                    0x09c8                  AD1CH18DATA = 0x9c8
                    0x09c8                  _AD1CH18DATA = 0x9c8
                    0x09cc                  AD1CH18CNT = 0x9cc
                    0x09cc                  _AD1CH18CNT = 0x9cc
                    0x09cc                  _AD1CH18CNTbits = 0x9cc
                    0x09d0                  AD1CH18CMPLO = 0x9d0
                    0x09d0                  _AD1CH18CMPLO = 0x9d0
                    0x09d4                  AD1CH18CMPHI = 0x9d4
                    0x09d4                  _AD1CH18CMPHI = 0x9d4
                    0x09d8                  AD1CH18ACC = 0x9d8
                    0x09d8                  _AD1CH18ACC = 0x9d8
                    0x09dc                  AD1CH19CON = 0x9dc
                    0x09dc                  _AD1CH19CON = 0x9dc
                    0x09dc                  _AD1CH19CONbits = 0x9dc
                    0x09e0                  AD1CH19DATA = 0x9e0
                    0x09e0                  _AD1CH19DATA = 0x9e0
                    0x09e4                  AD1CH19CNT = 0x9e4
                    0x09e4                  _AD1CH19CNT = 0x9e4
                    0x09e4                  _AD1CH19CNTbits = 0x9e4
                    0x09e8                  AD1CH19CMPLO = 0x9e8
                    0x09e8                  _AD1CH19CMPLO = 0x9e8
                    0x09ec                  AD1CH19CMPHI = 0x9ec
                    0x09ec                  _AD1CH19CMPHI = 0x9ec
                    0x09f0                  AD1CH19ACC = 0x9f0
                    0x09f0                  _AD1CH19ACC = 0x9f0
                    0x0a00                  AD2CON = 0xa00
                    0x0a00                  _AD2CON = 0xa00
                    0x0a00                  _AD2CONbits = 0xa00
                    0x0a04                  AD2DATAOVR = 0xa04
                    0x0a04                  _AD2DATAOVR = 0xa04
                    0x0a08                  AD2STAT = 0xa08
                    0x0a08                  _AD2STAT = 0xa08
                    0x0a08                  _AD2STATbits = 0xa08
                    0x0a0c                  AD2CMPSTAT = 0xa0c
                    0x0a0c                  _AD2CMPSTAT = 0xa0c
                    0x0a0c                  _AD2CMPSTATbits = 0xa0c
                    0x0a10                  AD2SWTRG = 0xa10
                    0x0a10                  _AD2SWTRG = 0xa10
                    0x0a10                  _AD2SWTRGbits = 0xa10
                    0x0a14                  AD2CH0CON = 0xa14
                    0x0a14                  _AD2CH0CON = 0xa14
                    0x0a14                  _AD2CH0CONbits = 0xa14
                    0x0a18                  AD2CH0DATA = 0xa18
                    0x0a18                  _AD2CH0DATA = 0xa18
                    0x0a1c                  AD2CH0CNT = 0xa1c
                    0x0a1c                  _AD2CH0CNT = 0xa1c
                    0x0a1c                  _AD2CH0CNTbits = 0xa1c
                    0x0a20                  AD2CH0CMPLO = 0xa20
                    0x0a20                  _AD2CH0CMPLO = 0xa20
                    0x0a24                  AD2CH0CMPHI = 0xa24
                    0x0a24                  _AD2CH0CMPHI = 0xa24
                    0x0a28                  AD2CH0ACC = 0xa28
                    0x0a28                  _AD2CH0ACC = 0xa28
                    0x0a2c                  AD2CH1CON = 0xa2c
                    0x0a2c                  _AD2CH1CON = 0xa2c
                    0x0a2c                  _AD2CH1CONbits = 0xa2c
                    0x0a30                  AD2CH1DATA = 0xa30
                    0x0a30                  _AD2CH1DATA = 0xa30
                    0x0a34                  AD2CH1CNT = 0xa34
                    0x0a34                  _AD2CH1CNT = 0xa34
                    0x0a34                  _AD2CH1CNTbits = 0xa34
                    0x0a38                  AD2CH1CMPLO = 0xa38
                    0x0a38                  _AD2CH1CMPLO = 0xa38
                    0x0a3c                  AD2CH1CMPHI = 0xa3c
                    0x0a3c                  _AD2CH1CMPHI = 0xa3c
                    0x0a40                  AD2CH1ACC = 0xa40
                    0x0a40                  _AD2CH1ACC = 0xa40
                    0x0a44                  AD2CH2CON = 0xa44
                    0x0a44                  _AD2CH2CON = 0xa44
                    0x0a44                  _AD2CH2CONbits = 0xa44
                    0x0a48                  AD2CH2DATA = 0xa48
                    0x0a48                  _AD2CH2DATA = 0xa48
                    0x0a4c                  AD2CH2CNT = 0xa4c
                    0x0a4c                  _AD2CH2CNT = 0xa4c
                    0x0a4c                  _AD2CH2CNTbits = 0xa4c
                    0x0a50                  AD2CH2CMPLO = 0xa50
                    0x0a50                  _AD2CH2CMPLO = 0xa50
                    0x0a54                  AD2CH2CMPHI = 0xa54
                    0x0a54                  _AD2CH2CMPHI = 0xa54
                    0x0a58                  AD2CH2ACC = 0xa58
                    0x0a58                  _AD2CH2ACC = 0xa58
                    0x0a5c                  AD2CH3CON = 0xa5c
                    0x0a5c                  _AD2CH3CON = 0xa5c
                    0x0a5c                  _AD2CH3CONbits = 0xa5c
                    0x0a60                  AD2CH3DATA = 0xa60
                    0x0a60                  _AD2CH3DATA = 0xa60
                    0x0a64                  AD2CH3CNT = 0xa64
                    0x0a64                  _AD2CH3CNT = 0xa64
                    0x0a64                  _AD2CH3CNTbits = 0xa64
                    0x0a68                  AD2CH3CMPLO = 0xa68
                    0x0a68                  _AD2CH3CMPLO = 0xa68
                    0x0a6c                  AD2CH3CMPHI = 0xa6c
                    0x0a6c                  _AD2CH3CMPHI = 0xa6c
                    0x0a70                  AD2CH3ACC = 0xa70
                    0x0a70                  _AD2CH3ACC = 0xa70
                    0x0a74                  AD2CH4CON = 0xa74
                    0x0a74                  _AD2CH4CON = 0xa74
                    0x0a74                  _AD2CH4CONbits = 0xa74
                    0x0a78                  AD2CH4DATA = 0xa78
                    0x0a78                  _AD2CH4DATA = 0xa78
                    0x0a7c                  AD2CH4CNT = 0xa7c
                    0x0a7c                  _AD2CH4CNT = 0xa7c
                    0x0a7c                  _AD2CH4CNTbits = 0xa7c
                    0x0a80                  AD2CH4CMPLO = 0xa80
                    0x0a80                  _AD2CH4CMPLO = 0xa80
                    0x0a84                  AD2CH4CMPHI = 0xa84
                    0x0a84                  _AD2CH4CMPHI = 0xa84
                    0x0a88                  AD2CH4ACC = 0xa88
                    0x0a88                  _AD2CH4ACC = 0xa88
                    0x0a8c                  AD2CH5CON = 0xa8c
                    0x0a8c                  _AD2CH5CON = 0xa8c
                    0x0a8c                  _AD2CH5CONbits = 0xa8c
                    0x0a90                  AD2CH5DATA = 0xa90
                    0x0a90                  _AD2CH5DATA = 0xa90
                    0x0a94                  AD2CH5CNT = 0xa94
                    0x0a94                  _AD2CH5CNT = 0xa94
                    0x0a94                  _AD2CH5CNTbits = 0xa94
                    0x0a98                  AD2CH5CMPLO = 0xa98
                    0x0a98                  _AD2CH5CMPLO = 0xa98
                    0x0a9c                  AD2CH5CMPHI = 0xa9c
                    0x0a9c                  _AD2CH5CMPHI = 0xa9c
                    0x0aa0                  AD2CH5ACC = 0xaa0
                    0x0aa0                  _AD2CH5ACC = 0xaa0
                    0x0aa4                  AD2CH6CON = 0xaa4
                    0x0aa4                  _AD2CH6CON = 0xaa4
                    0x0aa4                  _AD2CH6CONbits = 0xaa4
                    0x0aa8                  AD2CH6DATA = 0xaa8
                    0x0aa8                  _AD2CH6DATA = 0xaa8
                    0x0aac                  AD2CH6CNT = 0xaac
                    0x0aac                  _AD2CH6CNT = 0xaac
                    0x0aac                  _AD2CH6CNTbits = 0xaac
                    0x0ab0                  AD2CH6CMPLO = 0xab0
                    0x0ab0                  _AD2CH6CMPLO = 0xab0
                    0x0ab4                  AD2CH6CMPHI = 0xab4
                    0x0ab4                  _AD2CH6CMPHI = 0xab4
                    0x0ab8                  AD2CH6ACC = 0xab8
                    0x0ab8                  _AD2CH6ACC = 0xab8
                    0x0abc                  AD2CH7CON = 0xabc
                    0x0abc                  _AD2CH7CON = 0xabc
                    0x0abc                  _AD2CH7CONbits = 0xabc
                    0x0ac0                  AD2CH7DATA = 0xac0
                    0x0ac0                  _AD2CH7DATA = 0xac0
                    0x0ac4                  AD2CH7CNT = 0xac4
                    0x0ac4                  _AD2CH7CNT = 0xac4
                    0x0ac4                  _AD2CH7CNTbits = 0xac4
                    0x0ac8                  AD2CH7CMPLO = 0xac8
                    0x0ac8                  _AD2CH7CMPLO = 0xac8
                    0x0acc                  AD2CH7CMPHI = 0xacc
                    0x0acc                  _AD2CH7CMPHI = 0xacc
                    0x0ad0                  AD2CH7ACC = 0xad0
                    0x0ad0                  _AD2CH7ACC = 0xad0
                    0x0ad4                  AD2CH8CON = 0xad4
                    0x0ad4                  _AD2CH8CON = 0xad4
                    0x0ad4                  _AD2CH8CONbits = 0xad4
                    0x0ad8                  AD2CH8DATA = 0xad8
                    0x0ad8                  _AD2CH8DATA = 0xad8
                    0x0adc                  AD2CH8CNT = 0xadc
                    0x0adc                  _AD2CH8CNT = 0xadc
                    0x0adc                  _AD2CH8CNTbits = 0xadc
                    0x0ae0                  AD2CH8CMPLO = 0xae0
                    0x0ae0                  _AD2CH8CMPLO = 0xae0
                    0x0ae4                  AD2CH8CMPHI = 0xae4
                    0x0ae4                  _AD2CH8CMPHI = 0xae4
                    0x0ae8                  AD2CH8ACC = 0xae8
                    0x0ae8                  _AD2CH8ACC = 0xae8
                    0x0aec                  AD2CH9CON = 0xaec
                    0x0aec                  _AD2CH9CON = 0xaec
                    0x0aec                  _AD2CH9CONbits = 0xaec
                    0x0af0                  AD2CH9DATA = 0xaf0
                    0x0af0                  _AD2CH9DATA = 0xaf0
                    0x0af4                  AD2CH9CNT = 0xaf4
                    0x0af4                  _AD2CH9CNT = 0xaf4
                    0x0af4                  _AD2CH9CNTbits = 0xaf4
                    0x0af8                  AD2CH9CMPLO = 0xaf8
                    0x0af8                  _AD2CH9CMPLO = 0xaf8
                    0x0afc                  AD2CH9CMPHI = 0xafc
                    0x0afc                  _AD2CH9CMPHI = 0xafc
                    0x0b00                  AD2CH9ACC = 0xb00
                    0x0b00                  _AD2CH9ACC = 0xb00
                    0x0b04                  AD2CH10CON = 0xb04
                    0x0b04                  _AD2CH10CON = 0xb04
                    0x0b04                  _AD2CH10CONbits = 0xb04
                    0x0b08                  AD2CH10DATA = 0xb08
                    0x0b08                  _AD2CH10DATA = 0xb08
                    0x0b0c                  AD2CH10CNT = 0xb0c
                    0x0b0c                  _AD2CH10CNT = 0xb0c
                    0x0b0c                  _AD2CH10CNTbits = 0xb0c
                    0x0b10                  AD2CH10CMPLO = 0xb10
                    0x0b10                  _AD2CH10CMPLO = 0xb10
                    0x0b14                  AD2CH10CMPHI = 0xb14
                    0x0b14                  _AD2CH10CMPHI = 0xb14
                    0x0b18                  AD2CH10ACC = 0xb18
                    0x0b18                  _AD2CH10ACC = 0xb18
                    0x0b1c                  AD2CH11CON = 0xb1c
                    0x0b1c                  _AD2CH11CON = 0xb1c
                    0x0b1c                  _AD2CH11CONbits = 0xb1c
                    0x0b20                  AD2CH11DATA = 0xb20
                    0x0b20                  _AD2CH11DATA = 0xb20
                    0x0b24                  AD2CH11CNT = 0xb24
                    0x0b24                  _AD2CH11CNT = 0xb24
                    0x0b24                  _AD2CH11CNTbits = 0xb24
                    0x0b28                  AD2CH11CMPLO = 0xb28
                    0x0b28                  _AD2CH11CMPLO = 0xb28
                    0x0b2c                  AD2CH11CMPHI = 0xb2c
                    0x0b2c                  _AD2CH11CMPHI = 0xb2c
                    0x0b30                  AD2CH11ACC = 0xb30
                    0x0b30                  _AD2CH11ACC = 0xb30
                    0x0b34                  AD2CH12CON = 0xb34
                    0x0b34                  _AD2CH12CON = 0xb34
                    0x0b34                  _AD2CH12CONbits = 0xb34
                    0x0b38                  AD2CH12DATA = 0xb38
                    0x0b38                  _AD2CH12DATA = 0xb38
                    0x0b3c                  AD2CH12CNT = 0xb3c
                    0x0b3c                  _AD2CH12CNT = 0xb3c
                    0x0b3c                  _AD2CH12CNTbits = 0xb3c
                    0x0b40                  AD2CH12CMPLO = 0xb40
                    0x0b40                  _AD2CH12CMPLO = 0xb40
                    0x0b44                  AD2CH12CMPHI = 0xb44
                    0x0b44                  _AD2CH12CMPHI = 0xb44
                    0x0b48                  AD2CH12ACC = 0xb48
                    0x0b48                  _AD2CH12ACC = 0xb48
                    0x0b4c                  AD2CH13CON = 0xb4c
                    0x0b4c                  _AD2CH13CON = 0xb4c
                    0x0b4c                  _AD2CH13CONbits = 0xb4c
                    0x0b50                  AD2CH13DATA = 0xb50
                    0x0b50                  _AD2CH13DATA = 0xb50
                    0x0b54                  AD2CH13CNT = 0xb54
                    0x0b54                  _AD2CH13CNT = 0xb54
                    0x0b54                  _AD2CH13CNTbits = 0xb54
                    0x0b58                  AD2CH13CMPLO = 0xb58
                    0x0b58                  _AD2CH13CMPLO = 0xb58
                    0x0b5c                  AD2CH13CMPHI = 0xb5c
                    0x0b5c                  _AD2CH13CMPHI = 0xb5c
                    0x0b60                  AD2CH13ACC = 0xb60
                    0x0b60                  _AD2CH13ACC = 0xb60
                    0x0b64                  AD2CH14CON = 0xb64
                    0x0b64                  _AD2CH14CON = 0xb64
                    0x0b64                  _AD2CH14CONbits = 0xb64
                    0x0b68                  AD2CH14DATA = 0xb68
                    0x0b68                  _AD2CH14DATA = 0xb68
                    0x0b6c                  AD2CH14CNT = 0xb6c
                    0x0b6c                  _AD2CH14CNT = 0xb6c
                    0x0b6c                  _AD2CH14CNTbits = 0xb6c
                    0x0b70                  AD2CH14CMPLO = 0xb70
                    0x0b70                  _AD2CH14CMPLO = 0xb70
                    0x0b74                  AD2CH14CMPHI = 0xb74
                    0x0b74                  _AD2CH14CMPHI = 0xb74
                    0x0b78                  AD2CH14ACC = 0xb78
                    0x0b78                  _AD2CH14ACC = 0xb78
                    0x0b7c                  AD2CH15CON = 0xb7c
                    0x0b7c                  _AD2CH15CON = 0xb7c
                    0x0b7c                  _AD2CH15CONbits = 0xb7c
                    0x0b80                  AD2CH15DATA = 0xb80
                    0x0b80                  _AD2CH15DATA = 0xb80
                    0x0b84                  AD2CH15CNT = 0xb84
                    0x0b84                  _AD2CH15CNT = 0xb84
                    0x0b84                  _AD2CH15CNTbits = 0xb84
                    0x0b88                  AD2CH15CMPLO = 0xb88
                    0x0b88                  _AD2CH15CMPLO = 0xb88
                    0x0b8c                  AD2CH15CMPHI = 0xb8c
                    0x0b8c                  _AD2CH15CMPHI = 0xb8c
                    0x0b90                  AD2CH15ACC = 0xb90
                    0x0b90                  _AD2CH15ACC = 0xb90
                    0x0b94                  AD2CH16CON = 0xb94
                    0x0b94                  _AD2CH16CON = 0xb94
                    0x0b94                  _AD2CH16CONbits = 0xb94
                    0x0b98                  AD2CH16DATA = 0xb98
                    0x0b98                  _AD2CH16DATA = 0xb98
                    0x0b9c                  AD2CH16CNT = 0xb9c
                    0x0b9c                  _AD2CH16CNT = 0xb9c
                    0x0b9c                  _AD2CH16CNTbits = 0xb9c
                    0x0ba0                  AD2CH16CMPLO = 0xba0
                    0x0ba0                  _AD2CH16CMPLO = 0xba0
                    0x0ba4                  AD2CH16CMPHI = 0xba4
                    0x0ba4                  _AD2CH16CMPHI = 0xba4
                    0x0ba8                  AD2CH16ACC = 0xba8
                    0x0ba8                  _AD2CH16ACC = 0xba8
                    0x0bac                  AD2CH17CON = 0xbac
                    0x0bac                  _AD2CH17CON = 0xbac
                    0x0bac                  _AD2CH17CONbits = 0xbac
                    0x0bb0                  AD2CH17DATA = 0xbb0
                    0x0bb0                  _AD2CH17DATA = 0xbb0
                    0x0bb4                  AD2CH17CNT = 0xbb4
                    0x0bb4                  _AD2CH17CNT = 0xbb4
                    0x0bb4                  _AD2CH17CNTbits = 0xbb4
                    0x0bb8                  AD2CH17CMPLO = 0xbb8
                    0x0bb8                  _AD2CH17CMPLO = 0xbb8
                    0x0bbc                  AD2CH17CMPHI = 0xbbc
                    0x0bbc                  _AD2CH17CMPHI = 0xbbc
                    0x0bc0                  AD2CH17ACC = 0xbc0
                    0x0bc0                  _AD2CH17ACC = 0xbc0
                    0x0bc4                  AD2CH18CON = 0xbc4
                    0x0bc4                  _AD2CH18CON = 0xbc4
                    0x0bc4                  _AD2CH18CONbits = 0xbc4
                    0x0bc8                  AD2CH18DATA = 0xbc8
                    0x0bc8                  _AD2CH18DATA = 0xbc8
                    0x0bcc                  AD2CH18CNT = 0xbcc
                    0x0bcc                  _AD2CH18CNT = 0xbcc
                    0x0bcc                  _AD2CH18CNTbits = 0xbcc
                    0x0bd0                  AD2CH18CMPLO = 0xbd0
                    0x0bd0                  _AD2CH18CMPLO = 0xbd0
                    0x0bd4                  AD2CH18CMPHI = 0xbd4
                    0x0bd4                  _AD2CH18CMPHI = 0xbd4
                    0x0bd8                  AD2CH18ACC = 0xbd8
                    0x0bd8                  _AD2CH18ACC = 0xbd8
                    0x0bdc                  AD2CH19CON = 0xbdc
                    0x0bdc                  _AD2CH19CON = 0xbdc
                    0x0bdc                  _AD2CH19CONbits = 0xbdc
                    0x0be0                  AD2CH19DATA = 0xbe0
                    0x0be0                  _AD2CH19DATA = 0xbe0
                    0x0be4                  AD2CH19CNT = 0xbe4
                    0x0be4                  _AD2CH19CNT = 0xbe4
                    0x0be4                  _AD2CH19CNTbits = 0xbe4
                    0x0be8                  AD2CH19CMPLO = 0xbe8
                    0x0be8                  _AD2CH19CMPLO = 0xbe8
                    0x0bec                  AD2CH19CMPHI = 0xbec
                    0x0bec                  _AD2CH19CMPHI = 0xbec
                    0x0bf0                  AD2CH19ACC = 0xbf0
                    0x0bf0                  _AD2CH19ACC = 0xbf0
                    0x1000                  PCLKCON = 0x1000
                    0x1000                  _PCLKCON = 0x1000
                    0x1000                  _PCLKCONbits = 0x1000
                    0x1004                  FSCL = 0x1004
                    0x1004                  _FSCL = 0x1004
                    0x1004                  _FSCLbits = 0x1004
                    0x1008                  FSMINPER = 0x1008
                    0x1008                  _FSMINPER = 0x1008
                    0x1008                  _FSMINPERbits = 0x1008
                    0x100c                  MPHASE = 0x100c
                    0x100c                  _MPHASE = 0x100c
                    0x100c                  _MPHASEbits = 0x100c
                    0x1010                  MDC = 0x1010
                    0x1010                  _MDC = 0x1010
                    0x1010                  _MDCbits = 0x1010
                    0x1014                  MPER = 0x1014
                    0x1014                  _MPER = 0x1014
                    0x1014                  _MPERbits = 0x1014
                    0x1018                  LFSR = 0x1018
                    0x1018                  _LFSR = 0x1018
                    0x1018                  _LFSRbits = 0x1018
                    0x101c                  CMBTRIG = 0x101c
                    0x101c                  _CMBTRIG = 0x101c
                    0x101c                  _CMBTRIGbits = 0x101c
                    0x1020                  LOGCONA = 0x1020
                    0x1020                  _LOGCONA = 0x1020
                    0x1020                  _LOGCONAbits = 0x1020
                    0x1024                  LOGCONB = 0x1024
                    0x1024                  _LOGCONB = 0x1024
                    0x1024                  _LOGCONBbits = 0x1024
                    0x1028                  LOGCONC = 0x1028
                    0x1028                  _LOGCONC = 0x1028
                    0x1028                  _LOGCONCbits = 0x1028
                    0x102c                  LOGCOND = 0x102c
                    0x102c                  _LOGCOND = 0x102c
                    0x102c                  _LOGCONDbits = 0x102c
                    0x1030                  LOGCONE = 0x1030
                    0x1030                  _LOGCONE = 0x1030
                    0x1030                  _LOGCONEbits = 0x1030
                    0x1034                  LOGCONF = 0x1034
                    0x1034                  _LOGCONF = 0x1034
                    0x1034                  _LOGCONFbits = 0x1034
                    0x1038                  PWMEVTA = 0x1038
                    0x1038                  _PWMEVTA = 0x1038
                    0x1038                  _PWMEVTAbits = 0x1038
                    0x103c                  PWMEVTB = 0x103c
                    0x103c                  _PWMEVTB = 0x103c
                    0x103c                  _PWMEVTBbits = 0x103c
                    0x1040                  PWMEVTC = 0x1040
                    0x1040                  _PWMEVTC = 0x1040
                    0x1040                  _PWMEVTCbits = 0x1040
                    0x1044                  PWMEVTD = 0x1044
                    0x1044                  _PWMEVTD = 0x1044
                    0x1044                  _PWMEVTDbits = 0x1044
                    0x1048                  PWMEVTE = 0x1048
                    0x1048                  _PWMEVTE = 0x1048
                    0x1048                  _PWMEVTEbits = 0x1048
                    0x104c                  PWMEVTF = 0x104c
                    0x104c                  _PWMEVTF = 0x104c
                    0x104c                  _PWMEVTFbits = 0x104c
                    0x1050                  PG1CON = 0x1050
                    0x1050                  _PG1CON = 0x1050
                    0x1050                  _PG1CONbits = 0x1050
                    0x1054                  PG1STAT = 0x1054
                    0x1054                  _PG1STAT = 0x1054
                    0x1054                  _PG1STATbits = 0x1054
                    0x1058                  PG1IOCON = 0x1058
                    0x1058                  _PG1IOCON = 0x1058
                    0x1058                  _PG1IOCONbits = 0x1058
                    0x105c                  PG1EVT = 0x105c
                    0x105c                  _PG1EVT = 0x105c
                    0x105c                  _PG1EVTbits = 0x105c
                    0x1060                  PG1FPCI = 0x1060
                    0x1060                  _PG1FPCI = 0x1060
                    0x1060                  _PG1FPCIbits = 0x1060
                    0x1064                  PG1CLPCI = 0x1064
                    0x1064                  _PG1CLPCI = 0x1064
                    0x1064                  _PG1CLPCIbits = 0x1064
                    0x1068                  PG1FFPCI = 0x1068
                    0x1068                  _PG1FFPCI = 0x1068
                    0x1068                  _PG1FFPCIbits = 0x1068
                    0x106c                  PG1SPCI = 0x106c
                    0x106c                  _PG1SPCI = 0x106c
                    0x106c                  _PG1SPCIbits = 0x106c
                    0x1070                  PG1LEB = 0x1070
                    0x1070                  _PG1LEB = 0x1070
                    0x1070                  _PG1LEBbits = 0x1070
                    0x1074                  PG1PHASE = 0x1074
                    0x1074                  _PG1PHASE = 0x1074
                    0x1074                  _PG1PHASEbits = 0x1074
                    0x1078                  PG1DC = 0x1078
                    0x1078                  _PG1DC = 0x1078
                    0x1078                  _PG1DCbits = 0x1078
                    0x107c                  PG1DCA = 0x107c
                    0x107c                  _PG1DCA = 0x107c
                    0x107c                  _PG1DCAbits = 0x107c
                    0x1080                  PG1PER = 0x1080
                    0x1080                  _PG1PER = 0x1080
                    0x1080                  _PG1PERbits = 0x1080
                    0x1084                  PG1TRIGA = 0x1084
                    0x1084                  _PG1TRIGA = 0x1084
                    0x1084                  _PG1TRIGAbits = 0x1084
                    0x1088                  PG1TRIGB = 0x1088
                    0x1088                  _PG1TRIGB = 0x1088
                    0x1088                  _PG1TRIGBbits = 0x1088
                    0x108c                  PG1TRIGC = 0x108c
                    0x108c                  _PG1TRIGC = 0x108c
                    0x108c                  _PG1TRIGCbits = 0x108c
                    0x1090                  PG1DT = 0x1090
                    0x1090                  _PG1DT = 0x1090
                    0x1090                  _PG1DTbits = 0x1090
                    0x1094                  PG1CAP = 0x1094
                    0x1094                  _PG1CAP = 0x1094
                    0x1094                  _PG1CAPbits = 0x1094
                    0x1098                  PG2CON = 0x1098
                    0x1098                  _PG2CON = 0x1098
                    0x1098                  _PG2CONbits = 0x1098
                    0x109c                  PG2STAT = 0x109c
                    0x109c                  _PG2STAT = 0x109c
                    0x109c                  _PG2STATbits = 0x109c
                    0x10a0                  PG2IOCON = 0x10a0
                    0x10a0                  _PG2IOCON = 0x10a0
                    0x10a0                  _PG2IOCONbits = 0x10a0
                    0x10a4                  PG2EVT = 0x10a4
                    0x10a4                  _PG2EVT = 0x10a4
                    0x10a4                  _PG2EVTbits = 0x10a4
                    0x10a8                  PG2FPCI = 0x10a8
                    0x10a8                  _PG2FPCI = 0x10a8
                    0x10a8                  _PG2FPCIbits = 0x10a8
                    0x10ac                  PG2CLPCI = 0x10ac
                    0x10ac                  _PG2CLPCI = 0x10ac
                    0x10ac                  _PG2CLPCIbits = 0x10ac
                    0x10b0                  PG2FFPCI = 0x10b0
                    0x10b0                  _PG2FFPCI = 0x10b0
                    0x10b0                  _PG2FFPCIbits = 0x10b0
                    0x10b4                  PG2SPCI = 0x10b4
                    0x10b4                  _PG2SPCI = 0x10b4
                    0x10b4                  _PG2SPCIbits = 0x10b4
                    0x10b8                  PG2LEB = 0x10b8
                    0x10b8                  _PG2LEB = 0x10b8
                    0x10b8                  _PG2LEBbits = 0x10b8
                    0x10bc                  PG2PHASE = 0x10bc
                    0x10bc                  _PG2PHASE = 0x10bc
                    0x10bc                  _PG2PHASEbits = 0x10bc
                    0x10c0                  PG2DC = 0x10c0
                    0x10c0                  _PG2DC = 0x10c0
                    0x10c0                  _PG2DCbits = 0x10c0
                    0x10c4                  PG2DCA = 0x10c4
                    0x10c4                  _PG2DCA = 0x10c4
                    0x10c4                  _PG2DCAbits = 0x10c4
                    0x10c8                  PG2PER = 0x10c8
                    0x10c8                  _PG2PER = 0x10c8
                    0x10c8                  _PG2PERbits = 0x10c8
                    0x10cc                  PG2TRIGA = 0x10cc
                    0x10cc                  _PG2TRIGA = 0x10cc
                    0x10cc                  _PG2TRIGAbits = 0x10cc
                    0x10d0                  PG2TRIGB = 0x10d0
                    0x10d0                  _PG2TRIGB = 0x10d0
                    0x10d0                  _PG2TRIGBbits = 0x10d0
                    0x10d4                  PG2TRIGC = 0x10d4
                    0x10d4                  _PG2TRIGC = 0x10d4
                    0x10d4                  _PG2TRIGCbits = 0x10d4
                    0x10d8                  PG2DT = 0x10d8
                    0x10d8                  _PG2DT = 0x10d8
                    0x10d8                  _PG2DTbits = 0x10d8
                    0x10dc                  PG2CAP = 0x10dc
                    0x10dc                  _PG2CAP = 0x10dc
                    0x10dc                  _PG2CAPbits = 0x10dc
                    0x10e0                  PG3CON = 0x10e0
                    0x10e0                  _PG3CON = 0x10e0
                    0x10e0                  _PG3CONbits = 0x10e0
                    0x10e4                  PG3STAT = 0x10e4
                    0x10e4                  _PG3STAT = 0x10e4
                    0x10e4                  _PG3STATbits = 0x10e4
                    0x10e8                  PG3IOCON = 0x10e8
                    0x10e8                  _PG3IOCON = 0x10e8
                    0x10e8                  _PG3IOCONbits = 0x10e8
                    0x10ec                  PG3EVT = 0x10ec
                    0x10ec                  _PG3EVT = 0x10ec
                    0x10ec                  _PG3EVTbits = 0x10ec
                    0x10f0                  PG3FPCI = 0x10f0
                    0x10f0                  _PG3FPCI = 0x10f0
                    0x10f0                  _PG3FPCIbits = 0x10f0
                    0x10f4                  PG3CLPCI = 0x10f4
                    0x10f4                  _PG3CLPCI = 0x10f4
                    0x10f4                  _PG3CLPCIbits = 0x10f4
                    0x10f8                  PG3FFPCI = 0x10f8
                    0x10f8                  _PG3FFPCI = 0x10f8
                    0x10f8                  _PG3FFPCIbits = 0x10f8
                    0x10fc                  PG3SPCI = 0x10fc
                    0x10fc                  _PG3SPCI = 0x10fc
                    0x10fc                  _PG3SPCIbits = 0x10fc
                    0x1100                  PG3LEB = 0x1100
                    0x1100                  _PG3LEB = 0x1100
                    0x1100                  _PG3LEBbits = 0x1100
                    0x1104                  PG3PHASE = 0x1104
                    0x1104                  _PG3PHASE = 0x1104
                    0x1104                  _PG3PHASEbits = 0x1104
                    0x1108                  PG3DC = 0x1108
                    0x1108                  _PG3DC = 0x1108
                    0x1108                  _PG3DCbits = 0x1108
                    0x110c                  PG3DCA = 0x110c
                    0x110c                  _PG3DCA = 0x110c
                    0x110c                  _PG3DCAbits = 0x110c
                    0x1110                  PG3PER = 0x1110
                    0x1110                  _PG3PER = 0x1110
                    0x1110                  _PG3PERbits = 0x1110
                    0x1114                  PG3TRIGA = 0x1114
                    0x1114                  _PG3TRIGA = 0x1114
                    0x1114                  _PG3TRIGAbits = 0x1114
                    0x1118                  PG3TRIGB = 0x1118
                    0x1118                  _PG3TRIGB = 0x1118
                    0x1118                  _PG3TRIGBbits = 0x1118
                    0x111c                  PG3TRIGC = 0x111c
                    0x111c                  _PG3TRIGC = 0x111c
                    0x111c                  _PG3TRIGCbits = 0x111c
                    0x1120                  PG3DT = 0x1120
                    0x1120                  _PG3DT = 0x1120
                    0x1120                  _PG3DTbits = 0x1120
                    0x1124                  PG3CAP = 0x1124
                    0x1124                  _PG3CAP = 0x1124
                    0x1124                  _PG3CAPbits = 0x1124
                    0x1128                  PG4CON = 0x1128
                    0x1128                  _PG4CON = 0x1128
                    0x1128                  _PG4CONbits = 0x1128
                    0x112c                  PG4STAT = 0x112c
                    0x112c                  _PG4STAT = 0x112c
                    0x112c                  _PG4STATbits = 0x112c
                    0x1130                  PG4IOCON = 0x1130
                    0x1130                  _PG4IOCON = 0x1130